// Jest Snapshot v1, https://goo.gl/fbAQLP

exports[`Calculator UI Testing Calculator Interface 1`] = `
<div
  className="calculatorContainer"
>
  <h2>
    Calculator
  </h2>
  <div
    className="cal-grid"
  >
    <button
      className="workspace"
      type="button"
    >
      0
    </button>
    <button
      className="cal-Btn"
      onClick={[Function]}
      type="button"
    >
      AC
    </button>
    <button
      className="cal-Btn"
      onClick={[Function]}
      type="button"
    >
      +/-
    </button>
    <button
      className="cal-Btn"
      onClick={[Function]}
      type="button"
    >
      %
    </button>
    <button
      className="cal-Btn operator"
      onClick={[Function]}
      type="button"
    >
      รท
    </button>
    <button
      className="cal-Btn"
      onClick={[Function]}
      type="button"
    >
      7
    </button>
    <button
      className="cal-Btn"
      onClick={[Function]}
      type="button"
    >
      8
    </button>
    <button
      className="cal-Btn"
      onClick={[Function]}
      type="button"
    >
      9
    </button>
    <button
      className="cal-Btn operator"
      onClick={[Function]}
      type="button"
    >
      ร
    </button>
    <button
      className="cal-Btn"
      onClick={[Function]}
      type="button"
    >
      4
    </button>
    <button
      className="cal-Btn"
      onClick={[Function]}
      type="button"
    >
      5
    </button>
    <button
      className="cal-Btn"
      onClick={[Function]}
      type="button"
    >
      6
    </button>
    <button
      className="cal-Btn operator"
      onClick={[Function]}
      type="button"
    >
      -
    </button>
    <button
      className="cal-Btn"
      onClick={[Function]}
      type="button"
    >
      1
    </button>
    <button
      className="cal-Btn"
      onClick={[Function]}
      type="button"
    >
      2
    </button>
    <button
      className="cal-Btn"
      onClick={[Function]}
      type="button"
    >
      3
    </button>
    <button
      className="cal-Btn operator"
      onClick={[Function]}
      type="button"
    >
      +
    </button>
    <button
      className="cal-Btn zero"
      onClick={[Function]}
      type="button"
    >
      0
    </button>
    <button
      className="cal-Btn"
      onClick={[Function]}
      type="button"
    >
      .
    </button>
    <button
      className="cal-Btn operator"
      onClick={[Function]}
      type="button"
    >
      =
    </button>
  </div>
</div>
`;
