// Jest Snapshot v1, https://goo.gl/fbAQLP

exports[`Quote Page Testing Quote page  1`] = `
<div
  className="QuoteContainer"
>
  <h2
    className="quote"
  >
    Funny Maths Quotes
  </h2>
  <ul>
    <li>
      <p>
        If people do not believe that mathematics is simple, it is only because they do not realize how complicated life is.
      </p>
      <h2>
        — John von Neumann, American-hungarian mathematician
      </h2>
    </li>
    <li>
      <p>
        If people do not believe that mathematics is simple, it is only because they do not realize how complicated life is.
      </p>
      <h2>
        — John von Neumann, American-hungarian mathematician
      </h2>
    </li>
    <li>
      <p>
        If people do not believe that mathematics is simple, it is only because they do not realize how complicated life is.
      </p>
      <h2>
        — John von Neumann, American-hungarian mathematician
      </h2>
    </li>
  </ul>
</div>
`;
